// Jest Snapshot v1, https://goo.gl/fbAQLP

exports[`Text should match snapshot 1`] = `
<scale-text>
  <mock:shadow-root>
    <style>
      .text-0-0-2 {
  margin: 0;
  margin-bottom: .5rem;
}
.text--variant-label-0-0-3 {
  size: 0.75rem;
  weight: 500;
  leading: 1.3333;
  tracking: 0;
}
.text--variant-label-floating-0-0-4 {
  size: 0.625rem;
  weight: 500;
  leading: 1.2;
  tracking: 0;
}
.text--variant-code-0-0-5 {
  size: 0.75rem;
  weight: 400;
  leading: 1.3333;
  tracking: 0;
}
.text--variant-caption-0-0-6 {
  size: 0.75rem;
  weight: 500;
  leading: 1.3333;
  tracking: 0;
}
.text--variant-helper-text-0-0-7 {
  size: 0.75rem;
  weight: 500;
  leading: 1.3333;
  tracking: 0;
}
.text--variant-smaller-0-0-8 {
  size: 0.75rem;
  weight: 500;
  leading: 1.3333;
  tracking: 0;
}
.text--variant-body-0-0-9 {
  size: 1rem;
  weight: 500;
  leading: 1.5;
  tracking: 0;
}
.text--variant-body-long-0-0-10 {
  size: 1rem;
  weight: 500;
  leading: 1.5;
  tracking: 0;
}
.text--variant-body-short-0-0-11 {
  size: 1rem;
  weight: 500;
  leading: 1.25;
  tracking: 0;
}
.text--variant-body-large-0-0-12 {
  size: 1.25rem;
  weight: 500;
  leading: 1.6;
  tracking: 0;
}
.text--variant-h6-0-0-13 {
  size: 1rem;
  weight: 800;
  leading: 1.5;
  tracking: 0;
}
.text--variant-h5-0-0-14 {
  size: 1.25rem;
  weight: 800;
  leading: 1.25;
  tracking: 0;
}
.text--variant-h4-0-0-15 {
  size: 1.5rem;
  weight: 800;
  leading: 1.3333;
  tracking: 0;
}
.text--variant-h3-0-0-16 {
  size: 2rem;
  weight: 800;
  leading: 1.2;
  tracking: 0;
}
.text--variant-h2-0-0-17 {
  size: 2.5rem;
  weight: 800;
  leading: 1.2;
  tracking: 0;
}
.text--variant-h1-0-0-18 {
  size: 3.5rem;
  weight: 800;
  leading: 1.1428571429;
  tracking: 0;
}
.text--variant-h6-mobile-0-0-19 {
  size: 1rem;
  weight: 700;
  leading: 1.5;
  tracking: 0;
}
.text--variant-h5-mobile-0-0-20 {
  size: 1rem;
  weight: 800;
  leading: 1.5;
  tracking: 0;
}
.text--variant-h4-mobile-0-0-21 {
  size: 1.25rem;
  weight: 800;
  leading: 1.25;
  tracking: 0;
}
.text--variant-h3-mobile-0-0-22 {
  size: 1.5rem;
  weight: 800;
  leading: 1.3333;
  tracking: 0;
}
.text--variant-h2-mobile-0-0-23 {
  size: 2rem;
  weight: 800;
  leading: 1.2;
  tracking: 0;
}
.text--variant-h1-mobile-0-0-24 {
  size: 2.5rem;
  weight: 800;
  leading: 1.2;
  tracking: 0;
}
.text--variant-collapsible-0-0-25 {
  size: 1.25rem;
  weight: 800;
  leading: 1.25;
  tracking: 0;
  margin-bottom: 0;
}
    </style>
    <p class="text--variant-body-0-0-9 text-0-0-2">
      <slot></slot>
    </p>
  </mock:shadow-root>
  Label
</scale-text>
`;
