// Jest Snapshot v1, https://goo.gl/fbAQLP

exports[`CheckboxGroup should match standard snapshot 1`] = `
<scale-checkbox-group>
  <mock:shadow-root>
    <div class="checkbox-group">
      <div class="checkbox-group__label">
        <slot name="checkbox-header"></slot>
      </div>
      <div class="checkbox-group__container">
        <slot name="checkbox-list"></slot>
      </div>
    </div>
  </mock:shadow-root>
  <div slot="checkbox-header">
    <scale-checkbox helper-text="helperText" input-id="header-checkbox" label="checkbox" name="nameOfCheckbox" value="1"></scale-checkbox>
  </div>
  <div slot="checkbox-list">
    <div style="margin-top: 0.5rem;">
      <scale-checkbox label="checkbox" name="nameOfCheckbox" value="2"></scale-checkbox>
    </div>
    <div style="margin-top: 0.5rem;">
      <scale-checkbox checked="" name="nameOfCheckbox" value="3">
        Checkbox Slot
      </scale-checkbox>
    </div>
    <div style="margin-top: 0.5rem;">
      <scale-checkbox disabled="" label="checkbox" name="nameOfCheckbox" value="4"></scale-checkbox>
    </div>
    <div style="margin-top: 0.5rem;">
      <scale-checkbox checked="" label="checkbox" name="nameOfCheckbox" value="5"></scale-checkbox>
    </div>
    <div style="margin-top: 0.5rem;">
      <scale-checkbox checked="" label="checkbox" name="nameOfCheckbox" value="6"></scale-checkbox>
    </div>
    <div style="margin-top: 0.5rem;">
      <scale-checkbox checked="" label="checkbox" name="nameOfCheckbox" value="7"></scale-checkbox>
    </div>
    <div style="margin-top: 0.5rem;">
      <scale-checkbox checked="" label="checkbox" name="nameOfCheckbox" value="8"></scale-checkbox>
    </div>
    <div style="margin-top: 0.5rem;">
      <scale-checkbox checked="" disabled="" label="checkbox" name="nameOfCheckbox" value="9"></scale-checkbox>
    </div>
  </div>
</scale-checkbox-group>
`;
