// Jest Snapshot v1, https://goo.gl/fbAQLP

exports[`Accordion should match snapshot 1`] = `
<scale-accordion>
  <mock:shadow-root>
    <div class="accordion" part="base">
      <slot></slot>
    </div>
  </mock:shadow-root>
</scale-accordion>
`;
