// Jest Snapshot v1, https://goo.gl/fbAQLP

exports[`TextField should match snapshot 1`] = `
<scale-text-field>
  <div class="input input--type-text">
    <label class="input__label" htmlfor="input-text-field0"></label>
    <input aria-describedby="helper-message-1" class="input__input" id="input-text-field0" type="text" value="">
  </div>
</scale-text-field>
`;
