// Jest Snapshot v1, https://goo.gl/fbAQLP

exports[`Card should match snapshot 1`] = `
<scale-card>
  <mock:shadow-root>
    <style>
      .card__border {
  border: 1px solid transparent;
}
.card {
  width: 100%;
  overflow: hidden;
  box-sizing: border-box;
  background: #FFFFFF;
  transition: all .2s ease-in-out;
  border-radius: 0.5rem;
  box-shadow: 0 4px 16px 0 rgba(0,0,0,0.10), 0 2px 4px 0 rgba(0,0,0,0.10);
}
.card__body {
  padding: 1.5rem;
}
.card__body ::slotted(*) {
  margin: 0;
}
.card--interactive {
  color: inherit;
  cursor: pointer;
  display: block;
  outline: none;
  text-decoration: none;
}
.card--interactive:hover {
  box-shadow: 0 6px 24px 0 rgba(0,0,0,0.10), 0 3px 6px 0 rgba(0,0,0,0.10);
}
.card--interactive:focus {
  box-shadow: 0 6px 24px 0 rgba(0,0,0,0.10), 0 3px 6px 0 rgba(0,0,0,0.10),0 0 0 2px #009DE0;
}
.card--interactive:active {
  border: none;
  box-shadow: 0 2px 8px 0 rgba(0,0,0,0.10), 0 1px 2px 0 rgba(0,0,0,0.10);
}
.card--interactive .card__body ::slotted(*) {
  margin: 0;
}
    </style>
    <div class="card__border">
      <div class="card" role="group" target="_self">
        <div class="card__body">
          <slot></slot>
        </div>
      </div>
    </div>
  </mock:shadow-root>
  Label
</scale-card>
`;
