// Jest Snapshot v1, https://goo.gl/fbAQLP

exports[`Button should match snapshot 1`] = `
<scale-button>
  <mock:shadow-root>
    <style>
      .button-0-0-8 {
  border: none;
  cursor: pointer;
  height: unset;
  display: inline-flex;
  outline: none;
  position: relative;
  box-shadow: none;
  box-sizing: border-box;
  min-height: 40px;
  text-align: center;
  align-items: center;
  flex-shrink: 0;
  padding-top: 8px;
  user-select: none;
  white-space: nowrap;
  padding-left: 24px;
  border-radius: 8px;
  padding-right: 24px;
  letter-spacing: 0.02857em;
  padding-bottom: 8px;
  text-transform: none;
  vertical-align: middle;
  justify-content: center;
  text-decoration: none;
  color: #000;
  --icon-color: #000;
  background: #E0E0E0;
  font-family: TeleNeoWeb;
  font-weight: 700;
  font-size: 1rem;
  line-height: 1.5;
  transition: all 0.2s cubic-bezier(0.4, 0, 0.2, 1);
}
.button-0-0-8:before {
  width: 0;
  height: 100%;
  content: "";
  display: block;
}
.button-0-0-8:hover {
  box-shadow: none;
  text-decoration: none;
  transition: all 0.3s cubic-bezier(0.4, 0, 0.2, 1);
  border-color: #F90984;
  background: #F90984;
  color: #FFF;
  --icon-color: #FFF;
}
.button-0-0-8, .button-0-0-8:focus {
  border-color: #E20074;
  background: #E20074;
  color: #FFF;
  --icon-color: #FFF;
}
.button-0-0-8:focus {
  box-shadow: 0 0 0 2px #009DE0;
}
.button-0-0-8:active, .button-0-0-8.selected {
  border-color: #CB0068;
  background: #CB0068;
  color: #FFF;
  --icon-color: #FFF;
}
.button--disabled-0-0-9 {}
.button--disabled-0-0-9, .button--disabled-0-0-9:hover {
  cursor: not-allowed;
  opacity: 1;
  background: #D0D0D0;
  color: #7C7C7C;
  --icon-color: #7C7C7C;
}
.button--disabled-0-0-9.button--variant-secondary-0-0-13, .button--disabled-0-0-9.button--variant-secondary-0-0-13:hover {
  background: none;
  border: 1px solid #D0D0D0;
  color: #7C7C7C;
  --icon-color: #7C7C7C;
}
.button__before-0-0-10 {
  display: flex;
  align-items: center;
  margin-right: .5rem;
}
.button__after-0-0-11 {
  display: flex;
  align-items: center;
  margin-left: .5rem;
}
.button--icon-only-0-0-12 {
  padding: 8px;
}
.button--variant-secondary-0-0-13 {
  padding-top: 7px;
  padding-bottom: 7px;
}
.button--variant-secondary-0-0-13, .button--variant-secondary-0-0-13:focus, .button--variant-secondary-0-0-13.focus {
  background: none;
  border: 1px solid #262626;
  color: #262626;
  --icon-color: #262626;
}
.button--variant-secondary-0-0-13:hover, .button--variant-secondary-0-0-13.hover {
  background: none;
  border-color: #F90984;
  color: #F90984;
  --icon-color: #F90984;
}
.button--variant-secondary-0-0-13:active, .button--variant-secondary-0-0-13.active, .button--variant-secondary-0-0-13.selected {
  background: none;
  border-color: #CB0068;
  color: #CB0068;
  --icon-color: #CB0068;
}
.button--size-small-0-0-14 {
  min-height: 32px;
}
.button--size-small-0-0-14.button--icon-only-0-0-12 {
  min-width: 32px;
  min-height: 32px;
}
    </style>
    <button class="button-0-0-8" tabindex="0">
      <slot></slot>
    </button>
  </mock:shadow-root>
  Label
</scale-button>
`;
