// Jest Snapshot v1, https://goo.gl/fbAQLP

exports[`Input should match snapshot 1`] = `
<scale-input>
  <!---->
  <style>
    .input-0-0-10 {
  position: relative;
}
.input-0-0-10 .input__helper-text, .input-0-0-10 .input__counter {
  font-family: TeleNeoWeb-Bold;
}
.input-0-0-10 .input__input, .input-0-0-10 .input__select {
  width: 100%;
  border: 1px solid #cecece;
  height: 48px;
  margin: 6px 0;
  display: flex;
  padding: 12px 12px;
  z-index: 1;
  font-size: 16px;
  box-sizing: border-box;
  transition: all 0.2s ease-in-out;
  font-family: inherit;
  border-radius: 4px;
}
.input-0-0-10 .input__textarea {
  border: 1px solid #cecece;
  margin: 6px 0;
  display: flex;
  padding: 12px 12px;
  z-index: 1;
  font-size: 16px;
  box-sizing: border-box;
  transition: border-color 0.2s ease-in-out;
  font-family: inherit;
  border-radius: 4px;
}
.input-0-0-10 .input__select {
  appearance: none;
}
.input-0-0-10 .input__select-wrapper {
  position: relative;
}
.input-0-0-10 .input__counter {
  color: #333;
  display: flex;
  font-size: 12px;
  transition: all 0.2s ease-in-out;
  margin-left: auto;
  justify-content: flex-end;
}
.input-0-0-10 .input__helper-text {
  font-size: 12px;
  transition: all 0.2s ease-in-out;
}
.input-0-0-10 .input__meta {
  display: flex;
  justify-content: space-between;
}
.input-0-0-10:not(.input--disabled-0-0-15) {}
.input-0-0-10:not(.input--disabled-0-0-15) .input__input, .input-0-0-10:not(.input--disabled-0-0-15) .input__select, .input-0-0-10:not(.input--disabled-0-0-15) .input__textarea {}
.input-0-0-10:not(.input--disabled-0-0-15) .input__checkbox-container {}
.input-0-0-10:not(.input--disabled-0-0-15) .input__radio {}
.input-0-0-10:not(.input--disabled-0-0-15) .input__radio:hover, .input-0-0-10:not(.input--disabled-0-0-15) .input__radio:focus {
  border-color: #e20074;
}
.input-0-0-10:not(.input--disabled-0-0-15) .input__checkbox-container:hover, .input-0-0-10:not(.input--disabled-0-0-15) .input__checkbox-container:focus {}
.input-0-0-10:not(.input--disabled-0-0-15) .input__checkbox-container:hover .input__checkbox-placeholder, .input-0-0-10:not(.input--disabled-0-0-15) .input__checkbox-container:focus .input__checkbox-placeholder {
  border-color: #e20074;
}
.input-0-0-10:not(.input--disabled-0-0-15) .input__input:hover, .input-0-0-10:not(.input--disabled-0-0-15) .input__input:focus, .input-0-0-10:not(.input--disabled-0-0-15) .input__select:hover, .input-0-0-10:not(.input--disabled-0-0-15) .input__select:focus, .input-0-0-10:not(.input--disabled-0-0-15) .input__textarea:hover, .input-0-0-10:not(.input--disabled-0-0-15) .input__textarea:focus {
  border-color: #e20074;
}
.input-0-0-10 .input__select-wrapper scale-icon {
  top: 50%;
  right: 0;
  position: absolute;
  transform: translateY(-50%);
}
.input--variant-static-0-0-11 {}
.input--variant-static-0-0-11 .input__label {
  display: flex;
}
.input--variant-animated-0-0-12 {}
.input--variant-animated-0-0-12 .input__input:focus + .input__label, .input--variant-animated-0-0-12.animated .input__label {
  font-size: 10px;
  transform: translate(12px, 8px);
  transition: all 0.2s ease-in-out;
  font-family: TeleNeoWeb-Bold;
  font-weight: 700;
  color: #e20074;
}
.input--variant-animated-0-0-12 .input__input, .input--variant-animated-0-0-12 .input__select {
  padding: 12px 12px 0 11px;
}
.input--variant-animated-0-0-12 .input__textarea {
  padding-top: 24px;
}
.input--variant-animated-0-0-12 .input__label {
  top: 0;
  left: 0;
  color: #6c6c6c;
  display: flex;
  z-index: 10;
  position: absolute;
  font-size: 16px;
  transform: translate(13px, 16px);
  transition: all 0.2s ease-in-out;
  font-weight: 400;
  pointer-events: none;
}
.input--variant-animated-0-0-12 .input__input:focus + .input__label, .input--variant-animated-0-0-12 .input__select:focus + .input__label, .input--variant-animated-0-0-12.animated .input__label {
  font-size: 10px;
  transform: translate(12px, 8px);
  transition: all 0.2s ease-in-out;
  font-weight: 700;
  color: #e20074;
}
.input--variant-animated-0-0-12 .input__textarea:focus + .input__label, .input--variant-animated-0-0-12.animated .input__label {
  font-size: 10px;
  transform: translate(12px, 8px);
  transition: all 0.2s ease-in-out;
  font-family: TeleNeoWeb-Bold;
  font-weight: 700;
  color: #e20074;
}
.input--status-error-0-0-13 {}
.input--status-error-0-0-13.animated .input__label, .input--status-error-0-0-13 label {
  color: #f50057 !important;
}
.input--status-error-0-0-13 .input__input:focus + .input__label, .input--status-error-0-0-13 .input__textarea:focus + .input__label {
  color: #f50057 !important;
}
.input--status-error-0-0-13 .input__input:focus + .input__label {
  color: #f50057 !important;
}
.input--status-error-0-0-13 .input__input {
  border: 1px solid #f50057;
}
.input--status-error-0-0-13 .input__helper-text {
  color: #f50057;
}
.input--status-error-0-0-13 .input__counter {
  color: #f50057;
}
.input--size-small-0-0-14 {}
.input--size-small-0-0-14 .input__input {
  height: 40px;
}
.input--size-small-0-0-14 .input__label {
  top: 0;
  left: 0;
  color: #6c6c6c;
  display: flex;
  z-index: 10;
  position: absolute;
  font-size: 16px;
  transform: translate(13px, 12px);
  transition: all 0.2s ease-in-out;
  font-weight: 400;
  pointer-events: none;
}
.input--size-small-0-0-14 .input__input:focus + .input__label, .input--size-small-0-0-14.animated .input__label {
  font-size: 10px;
  transform: translate(12px, 4px);
  transition: all 0.2s ease-in-out;
  font-weight: 700;
  color: #e20074;
}
.input--disabled-0-0-15 {}
.input--disabled-0-0-15 .input__label, .input--disabled-0-0-15 .input__input, .input--disabled-0-0-15 .input__checkbox-container, .input--disabled-0-0-15 .input__radio, .input--disabled-0-0-15 .input__select, .input--disabled-0-0-15 .input__textarea {
  cursor: not-allowed!important;
  opacity: 0.5;
}
.input--type-checkbox-0-0-16 {
  display: flex;
  align-items: center;
}
.input--type-checkbox-0-0-16 .input__checkbox-container {
  width: 24px;
  height: 24px;
  display: flex;
  position: relative;
  align-items: center;
  margin-right: 10px;
}
.input--type-checkbox-0-0-16:not(.input--disabled-0-0-15) {}
.input--type-checkbox-0-0-16:not(.input--disabled-0-0-15) .input__checkbox-container {}
.input--type-checkbox-0-0-16:not(.input--disabled-0-0-15) .input__checkbox-container .input__checkbox-placeholder {
  border: 1px solid #111111;
  background-color: #D8D8D8;
}
.input--type-checkbox-0-0-16:not(.input--disabled-0-0-15) .input__checkbox-container:hover {}
.input--type-checkbox-0-0-16:not(.input--disabled-0-0-15) .input__checkbox-container:hover .input__checkbox-placeholder {
  border: 1px solid #E20074;
  background-color: #ffffff;
}
.input--type-checkbox-0-0-16 .input__checkbox-container .input__checkbox {
  top: 0;
  left: 0;
  width: 100%;
  cursor: inherit;
  height: 100%;
  margin: 0;
  opacity: 0;
  padding: 0;
  z-index: 1;
  position: absolute;
}
.input--type-checkbox-0-0-16 .input__checkbox-container .input__checkbox-placeholder {
  width: 16px;
  border: 1px solid #cecece;
  height: 16px;
  margin: 2px;
  border-radius: 4px;
}
.input--checked-0-0-17 {}
.input--checked-0-0-17 scale-icon {
  top: 6px;
  left: 6px;
  width: 12px;
  height: 12px;
  position: absolute;
  user-select: none;
}
.input--checked-0-0-17.input--disabled-0-0-15 {}
.input--checked-0-0-17:not(.input--disabled-0-0-15) {}
.input--checked-0-0-17:not(.input--disabled-0-0-15) .input__checkbox-container {}
.input--checked-0-0-17:not(.input--disabled-0-0-15) scale-icon {
  --icon-color: #ffffff;
}
.input--checked-0-0-17:not(.input--disabled-0-0-15) .input__checkbox-container .input__checkbox-placeholder {
  border: 1px solid #E20074;
  background-color: #E20074;
}
.input--checked-0-0-17:not(.input--disabled-0-0-15) .input__checkbox-container:hover {}
.input--checked-0-0-17:not(.input--disabled-0-0-15) .input__checkbox-container:hover .input__checkbox-placeholder {
  border: 1px solid #E20074;
  background-color: #F90984;
}
.input--checked-0-0-17.input--disabled-0-0-15 .input__checkbox-placeholder {
  background-color: #cdcdcd;
}
.input--type-radio-0-0-18 {
  display: flex;
  align-items: center;
}
.input--type-radio-0-0-18 .input__radio {
  width: 16px;
  border: 1px solid #cecece;
  height: 16px;
  appearance: none;
  margin-right: 10px;
  border-radius: 50%;
  background-color: #ffffff;
}
.input--type-radio-0-0-18.input--disabled-0-0-15 {}
.input--type-radio-0-0-18.input--disabled-0-0-15 .input__radio {}
.input--type-radio-0-0-18.input--disabled-0-0-15 .input__radio:checked {
  border: 6px solid #cdcdcd;
  background-color: #979797;
}
.input--type-radio-0-0-18 .input__radio:checked, .input--type-radio-0-0-18 .input__radio:focus {
  outline: none;
  transition: all 0.2s ease-in-out;
  border: 6px solid #e20074;
}
  </style>
  <div class="input--variant-static-0-0-11 input-0-0-10">
    <label class="input__label"></label>
    <input class="input__input" type="text">
  </div>
</scale-input>
`;
