// Jest Snapshot v1, https://goo.gl/fbAQLP

exports[`Switch should match snapshot 1`] = `
<scale-switch>
  <mock:shadow-root>
    <style>
      .switch-0-0-4 {
  width: 40px;
  border: 1px solid #dcdfe6;
  cursor: pointer;
  height: 20px;
  margin: 0;
  display: inline-block;
  outline: none;
  position: relative;
  background: #dcdfe6;
  transition: all 0.3s ease-in-out;
  border-radius: 10px;
  vertical-align: middle;
}
.switch-0-0-4:after {
  top: 2px;
  left: 1px;
  width: 16px;
  height: 16px;
  content: "";
  position: absolute;
  transition: all 0.3s ease-in-out;
  border-radius: 100%;
  background-color: #fff;
}
.switch--active-0-0-5 {
  border-color: #409eff;
  background-color: #409eff;
}
.switch--active-0-0-5:after {
  left: 100%;
  margin-left: -17px;
}
.switch--disabled-0-0-6 {
  cursor: not-allowed;
  opacity: 0.5;
}
    </style>
    <div class="switch-0-0-4"></div>
  </mock:shadow-root>
</scale-switch>
`;
