// Jest Snapshot v1, https://goo.gl/fbAQLP

exports[`List should match snapshot 1`] = `
<scale-list>
  <mock:shadow-root>
    <style>
      .list-0-0-4 {
  padding-left: 0;
}
.list--nested-0-0-5 {
  margin-top: 0;
  margin-bottom: 0;
  padding-left: 0.5rem;
}
.list--type-ordered-0-0-6 {}
    </style>
    <ul class="list-0-0-4">
      <slot></slot>
    </ul>
  </mock:shadow-root>
  default
</scale-list>
`;
