// Jest Snapshot v1, https://goo.gl/fbAQLP

exports[`Table should match snapshot 1`] = `
<scale-table class="table--size-default-0-0-5 table-0-0-4">
  <!---->
  <div>
    Table header
  </div>
  <table>
    <thead>
      <tr>
        <th>
          <span class="scale-sort-indicator">
            <svg height="24px" viewBox="0 0 24 24" width="24px">
              <polygon points="11.8284271 16.6568542 14.6568542 13.8284271 9 13.8284271"></polygon>
              <polygon points="11.8284271 8 14.6568542 10.8284271 9 10.8284271"></polygon>
            </svg>
          </span>
          Title
        </th>
        <th>
          <span class="scale-sort-indicator">
            <svg height="24px" viewBox="0 0 24 24" width="24px">
              <polygon points="11.8284271 16.6568542 14.6568542 13.8284271 9 13.8284271"></polygon>
              <polygon points="11.8284271 8 14.6568542 10.8284271 9 10.8284271"></polygon>
            </svg>
          </span>
          Time
        </th>
        <th>
          <span class="scale-sort-indicator">
            <svg height="24px" viewBox="0 0 24 24" width="24px">
              <polygon points="11.8284271 16.6568542 14.6568542 13.8284271 9 13.8284271"></polygon>
              <polygon points="11.8284271 8 14.6568542 10.8284271 9 10.8284271"></polygon>
            </svg>
          </span>
          Euros
        </th>
      </tr>
    </thead>
    <tbody>
      <tr>
        <td>
          University of Plymouth
        </td>
        <td>
          00:00:20
        </td>
        <td>
          100.245,10
        </td>
      </tr>
    </tbody>
    <tfoot>
      <tr>
        <td>
          Total
        </td>
        <td></td>
        <td></td>
        <td>
          00:00:20
        </td>
        <td>
          100.245,10
        </td>
      </tr>
    </tfoot>
  </table>
</scale-table>
`;
