// Jest Snapshot v1, https://goo.gl/fbAQLP

exports[`Breadcrumb should match snapshot 1`] = `
<scale-breadcrumb>
  <mock:shadow-root>
    <nav aria-label="Breadcrumb" class="breadcrumb">
      <ol></ol>
    </nav>
  </mock:shadow-root>
</scale-breadcrumb>
`;
