// Jest Snapshot v1, https://goo.gl/fbAQLP

exports[`Icon should match snapshot 1`] = `
<scale-icon path="m 10 10" style="display: inline-flex;">
  Label
  <style>
    .icon-0-0-2 {}
.icon-0-0-2 path {
  transition: all .2s ease-in-out;
}
  </style>
  <svg class="icon-0-0-2" height="24" viewBox="0 0 24 24" width="24" xmlns="http://www.w3.org/2000/svg">
    <path d="m 10 10" fill="var(--icon-color, currentColor)" stroke="transparent"></path>
  </svg>
</scale-icon>
`;
